var bool: X_INTRODUCED_0_ ::is_defined_var ::var_is_introduced ::var_is_introduced ::is_defined_var;
var bool: X_INTRODUCED_10_ ::is_defined_var ::var_is_introduced ::var_is_introduced ::is_defined_var;
var bool: X_INTRODUCED_11_ ::is_defined_var ::var_is_introduced ::var_is_introduced ::is_defined_var;
var bool: X_INTRODUCED_1_ ::is_defined_var ::var_is_introduced ::var_is_introduced ::is_defined_var;
var bool: X_INTRODUCED_2_ ::is_defined_var ::var_is_introduced ::var_is_introduced ::is_defined_var;
var bool: X_INTRODUCED_3_ ::is_defined_var ::var_is_introduced ::var_is_introduced ::is_defined_var;
var bool: X_INTRODUCED_4_ ::is_defined_var ::var_is_introduced ::var_is_introduced ::is_defined_var;
var bool: X_INTRODUCED_5_ ::is_defined_var ::var_is_introduced ::var_is_introduced ::is_defined_var;
var bool: X_INTRODUCED_6_ ::is_defined_var ::var_is_introduced ::var_is_introduced ::is_defined_var;
var bool: X_INTRODUCED_7_ ::is_defined_var ::var_is_introduced ::var_is_introduced ::is_defined_var;
var bool: X_INTRODUCED_8_ ::is_defined_var ::var_is_introduced ::var_is_introduced ::is_defined_var;
var bool: X_INTRODUCED_9_ ::is_defined_var ::var_is_introduced ::var_is_introduced ::is_defined_var;
var 1..10: x ::output_var;
var 1..10: y ::output_var;
constraint array_bool_and([true, X_INTRODUCED_1_, true, X_INTRODUCED_3_, true, X_INTRODUCED_5_, true, X_INTRODUCED_7_, true, X_INTRODUCED_9_], true);
constraint set_in_reif(x, y, X_INTRODUCED_10_);
constraint bool_clause([X_INTRODUCED_11_], [true]);
constraint bool_not(X_INTRODUCED_0_, X_INTRODUCED_1_) ::defines_var(X_INTRODUCED_1_);
constraint bool_not(X_INTRODUCED_2_, X_INTRODUCED_3_) ::defines_var(X_INTRODUCED_3_);
constraint bool_not(X_INTRODUCED_4_, X_INTRODUCED_5_) ::defines_var(X_INTRODUCED_5_);
constraint bool_not(X_INTRODUCED_6_, X_INTRODUCED_7_) ::defines_var(X_INTRODUCED_7_);
constraint bool_not(X_INTRODUCED_8_, X_INTRODUCED_9_) ::defines_var(X_INTRODUCED_9_);
constraint set_in_reif(2, y, X_INTRODUCED_0_) ::defines_var(X_INTRODUCED_0_);
constraint set_in_reif(4, y, X_INTRODUCED_2_) ::defines_var(X_INTRODUCED_2_);
constraint set_in_reif(6, y, X_INTRODUCED_4_) ::defines_var(X_INTRODUCED_4_);
constraint set_in_reif(8, y, X_INTRODUCED_6_) ::defines_var(X_INTRODUCED_6_);
constraint set_in_reif(10, y, X_INTRODUCED_8_) ::defines_var(X_INTRODUCED_8_);
constraint int_le_reif(5, x, X_INTRODUCED_10_) ::defines_var(X_INTRODUCED_10_);
constraint int_le_imp(x, 2, X_INTRODUCED_11_) ::defines_var(X_INTRODUCED_11_);
solve satisfy;
